// Jest Snapshot v1, https://goo.gl/fbAQLP

exports[`happy 1`] = `
Object {
  "missingColors": Object {},
  "missingScopes": Array [],
}
`;
